
> portfolio_builder@0.1.0 build
> next build

node.exe : ΓÜá Warning: Next.js inferred your workspace root, but it may not 
be correct.
At line:1 char:1
+ & "C:\Program Files\nodejs/node.exe" "C:\Users\tagor\AppData\Roaming\ ...
+ ~~~~~~~~~~~~~~~~~~~~~~~~~~~~~~~~~~~~~~~~~~~~~~~~~~~~~~~~~~~~~~~~~~~~~
    + CategoryInfo          : NotSpecified: (ΓÜá Warning: Ne...not be correct. 
   :String) [], RemoteException
    + FullyQualifiedErrorId : NativeCommandError
 
 We detected multiple lockfiles and selected the directory of 
C:\Users\tagor\package-lock.json as the root directory.
 To silence this warning, set `turbopack.root` in your Next.js config, or 
consider removing one of the lockfiles if it's not needed.
   See https://nextjs.org/docs/app/api-reference/config/next-config-js/turbopac
k#root-directory for more information.
 Detected additional lockfiles: 
   * C:\Users\tagor\OneDrive\Desktop\Portfolio 
Builder\portfolio_builder\package-lock.json

Γû▓ Next.js 16.2.4 (Turbopack)
- Environments: .env.local

  Creating an optimized production build ...
Γ£ô Compiled successfully in 4.1s
  Running TypeScript ...
Failed to type check.

./src/templates/CorporateGlacier.tsx:50:58
Type error: Type '{ hidden: { opacity: number; y: number; }; visible: { 
opacity: number; y: number; transition: { duration: number; ease: number[]; }; 
}; }' is not assignable to type 'Variants'.
  Property 'visible' is incompatible with index signature.
    Type '{ opacity: number; y: number; transition: { duration: number; ease: 
number[]; }; }' is not assignable to type 'Variant'.
      Type '{ opacity: number; y: number; transition: { duration: number; 
ease: number[]; }; }' is not assignable to type 'TargetAndTransition'.
        Type '{ opacity: number; y: number; transition: { duration: number; 
ease: number[]; }; }' is not assignable to type '{ transition?: 
Transition<any> | undefined; transitionEnd?: ResolvedValues$1 | undefined; }'.
          Types of property 'transition' are incompatible.
            Type '{ duration: number; ease: number[]; }' is not assignable to 
type 'Transition<any> | undefined'.
              Type '{ duration: number; ease: number[]; }' is not assignable 
to type 'TransitionWithValueOverrides<any>'.
                Type '{ duration: number; ease: number[]; }' is not assignable 
to type 'ValueAnimationTransition<any>'.
                  Types of property 'ease' are incompatible.
                    Type 'number[]' is not assignable to type 'Easing | 
Easing[] | undefined'.
                      Type 'number[]' is not assignable to type 
'EasingFunction | Easing[]'.
                        Type 'number[]' is not assignable to type 'Easing[]'.
                          Type 'number' is not assignable to type 'Easing'.

  [90m48 |[0m ...[90mEMIUM HERO SECTION */[0m}
  [90m49 |[0m ...on className=[32m"text-center space-y-12"[0m>
[31m[1m>[0m [90m50 |[0m ...ion.div initial=[32m"hidden"[0m 
animate=[32m"visible"[0m variants={fadeInUp}>
  [90m   |[0m                                               [31m[1m^[0m
  [90m51 |[0m ...iv className=[32m"inline-block px-4 py-2 bg-blue-50 border 
border-blue-200 text-blue-700 te...[0m
  [90m52 |[0m ...[33mPremium[0m [33mStrategy[0m [33mConsultant[0m
  [90m53 |[0m ...div>
Next.js build worker exited with code: 1 and signal: null
